// Jest Snapshot v1, https://goo.gl/fbAQLP

exports[`Button renders correctly 1`] = `
<View>
  <Text
    style={
      {
        "color": "black",
        "fontWeight": "bold",
      }
    }
  >
    Button
  </Text>
</View>
`;
