// Jest Snapshot v1, https://goo.gl/fbAQLP

exports[`CustomTabBar renders correctly 1`] = `
<View
  style={
    {
      "backgroundColor": "white",
      "borderRadius": 20,
      "bottom": 24,
      "elevation": 8,
      "flexDirection": "row",
      "height": 60,
      "left": 16,
      "paddingBottom": 5,
      "paddingTop": 10,
      "position": "absolute",
      "right": 16,
      "shadowColor": "#000",
      "shadowOffset": {
        "height": 3,
        "width": 0,
      },
      "shadowOpacity": 0.3,
      "shadowRadius": 3,
    }
  }
>
  <View
    style={
      {
        "alignItems": "center",
        "flex": 1,
        "justifyContent": "center",
      }
    }
  >
    <View
      style={
        {
          "backgroundColor": "#50B26C",
          "borderRadius": 20,
          "height": 3,
          "position": "absolute",
          "top": -10,
          "width": 40,
        }
      }
    />
  </View>
  <View
    style={
      {
        "alignItems": "center",
        "flex": 1,
        "justifyContent": "center",
      }
    }
  />
  <View
    style={
      {
        "alignItems": "center",
        "flex": 1,
        "justifyContent": "center",
      }
    }
  />
</View>
`;
